[2026-07-26 00:16:31] [INFO] ========== LOCAL->GITHUB SYNC START ==========
[2026-07-26 00:16:32] [SKIP] No local changes to commit
[2026-07-26 00:16:32] [SKIP] Nothing to push
[2026-07-26 00:16:32] [INFO] Pulling from GitHub to stay in sync...
[2026-07-26 00:16:32] [ERROR] Pull failed: fatal: not a git repository (or any of the parent directories): .git
[2026-07-26 00:16:32] [INFO] Updating submodules...
[2026-07-26 00:16:32] [ERROR] Submodule update failed: fatal: not a git repository (or any of the parent directories): .git
[2026-07-26 00:16:32] [INFO] ========== LOCAL->GITHUB SYNC COMPLETE ==========
[2026-07-26 00:16:32] [INFO] Sleeping for 5 minutes...
[2026-07-26 00:21:32] [INFO] ========== LOCAL->GITHUB SYNC START ==========
[2026-07-26 00:21:32] [SKIP] No local changes to commit
[2026-07-26 00:21:33] [SKIP] Nothing to push
[2026-07-26 00:21:33] [INFO] Pulling from GitHub to stay in sync...
[2026-07-26 00:21:33] [ERROR] Pull failed: fatal: not a git repository (or any of the parent directories): .git
[2026-07-26 00:21:33] [INFO] Updating submodules...
[2026-07-26 00:21:33] [ERROR] Submodule update failed: fatal: not a git repository (or any of the parent directories): .git
[2026-07-26 00:21:33] [INFO] ========== LOCAL->GITHUB SYNC COMPLETE ==========
[2026-07-26 00:21:33] [INFO] Sleeping for 5 minutes...
[2026-07-26 00:26:33] [INFO] ========== LOCAL->GITHUB SYNC START ==========
[2026-07-26 00:26:33] [SKIP] No local changes to commit
[2026-07-26 00:26:33] [SKIP] Nothing to push
[2026-07-26 00:26:33] [INFO] Pulling from GitHub to stay in sync...
[2026-07-26 00:26:33] [ERROR] Pull failed: fatal: not a git repository (or any of the parent directories): .git
[2026-07-26 00:26:33] [INFO] Updating submodules...
[2026-07-26 00:26:34] [ERROR] Submodule update failed: fatal: not a git repository (or any of the parent directories): .git
[2026-07-26 00:26:34] [INFO] ========== LOCAL->GITHUB SYNC COMPLETE ==========
[2026-07-26 00:26:34] [INFO] Sleeping for 5 minutes...
[2026-07-26 00:31:34] [INFO] ========== LOCAL->GITHUB SYNC START ==========
[2026-07-26 00:31:34] [WARN] Local changes detected, committing...
[2026-07-26 00:31:35] [OK] Local changes committed
[2026-07-26 00:31:35] [SKIP] Nothing to push
[2026-07-26 00:31:35] [INFO] Pulling from GitHub to stay in sync...
[2026-07-26 00:31:37] [ERROR] Pull failed: From https://github.com/Cosmiconn/TheSeed  * branch            main       -> FETCH_HEAD  * [new branch]      main       -> origin/main fatal: refusing to merge unrelated histories
[2026-07-26 00:31:37] [INFO] Updating submodules...
[2026-07-26 00:31:39] [OK] Submodules: Updated
[2026-07-26 00:31:39] [INFO] ========== LOCAL->GITHUB SYNC COMPLETE ==========
[2026-07-26 00:31:39] [INFO] Sleeping for 5 minutes...
